Model Params: 199.60M-A65.12M
Trainable Params: 49.558M
torch.compile enabled
Epoch:[1/2](200/45383), loss: 2.2661, logits_loss: 2.2621, aux_loss: 0.0040, lr: 0.00000500, epoch_time: 337.0min
Epoch:[1/2](400/45383), loss: 2.1015, logits_loss: 2.0975, aux_loss: 0.0040, lr: 0.00000500, epoch_time: 266.0min
Epoch:[1/2](600/45383), loss: 2.1831, logits_loss: 2.1791, aux_loss: 0.0040, lr: 0.00000500, epoch_time: 241.0min
Epoch:[1/2](800/45383), loss: 2.1107, logits_loss: 2.1067, aux_loss: 0.0040, lr: 0.00000500, epoch_time: 228.0min
Epoch:[1/2](1000/45383), loss: 2.3023, logits_loss: 2.2983, aux_loss: 0.0040, lr: 0.00000500, epoch_time: 221.0min
Epoch:[1/2](1200/45383), loss: 2.0700, logits_loss: 2.0660, aux_loss: 0.0040, lr: 0.00000500, epoch_time: 215.0min
Epoch:[1/2](1400/45383), loss: 2.3367, logits_loss: 2.3327, aux_loss: 0.0040, lr: 0.00000500, epoch_time: 211.0min
Epoch:[1/2](1600/45383), loss: 2.0952, logits_loss: 2.0912, aux_loss: 0.0040, lr: 0.00000500, epoch_time: 208.0min
Epoch:[1/2](1800/45383), loss: 2.1601, logits_loss: 2.1561, aux_loss: 0.0040, lr: 0.00000500, epoch_time: 205.0min
Epoch:[1/2](2000/45383), loss: 2.1118, logits_loss: 2.1077, aux_loss: 0.0040, lr: 0.00000499, epoch_time: 203.0min
Epoch:[1/2](2200/45383), loss: 2.2785, logits_loss: 2.2745, aux_loss: 0.0040, lr: 0.00000499, epoch_time: 201.0min
Epoch:[1/2](2400/45383), loss: 2.1248, logits_loss: 2.1208, aux_loss: 0.0040, lr: 0.00000499, epoch_time: 199.0min
Epoch:[1/2](2600/45383), loss: 2.1805, logits_loss: 2.1765, aux_loss: 0.0040, lr: 0.00000499, epoch_time: 197.0min
Epoch:[1/2](2800/45383), loss: 2.1698, logits_loss: 2.1658, aux_loss: 0.0040, lr: 0.00000499, epoch_time: 196.0min
Epoch:[1/2](3000/45383), loss: 2.1188, logits_loss: 2.1148, aux_loss: 0.0040, lr: 0.00000499, epoch_time: 194.0min
Epoch:[1/2](3200/45383), loss: 2.0862, logits_loss: 2.0821, aux_loss: 0.0040, lr: 0.00000499, epoch_time: 193.0min
Epoch:[1/2](3400/45383), loss: 2.0903, logits_loss: 2.0863, aux_loss: 0.0040, lr: 0.00000498, epoch_time: 191.0min
Epoch:[1/2](3600/45383), loss: 1.9986, logits_loss: 1.9945, aux_loss: 0.0040, lr: 0.00000498, epoch_time: 190.0min
Epoch:[1/2](3800/45383), loss: 2.1460, logits_loss: 2.1420, aux_loss: 0.0040, lr: 0.00000498, epoch_time: 189.0min
Epoch:[1/2](4000/45383), loss: 2.1563, logits_loss: 2.1523, aux_loss: 0.0040, lr: 0.00000498, epoch_time: 187.0min
Epoch:[1/2](4200/45383), loss: 2.1603, logits_loss: 2.1563, aux_loss: 0.0040, lr: 0.00000498, epoch_time: 186.0min
Epoch:[1/2](4400/45383), loss: 1.9897, logits_loss: 1.9857, aux_loss: 0.0040, lr: 0.00000497, epoch_time: 185.0min
Epoch:[1/2](4600/45383), loss: 2.2225, logits_loss: 2.2185, aux_loss: 0.0040, lr: 0.00000497, epoch_time: 184.0min
Epoch:[1/2](4800/45383), loss: 2.1084, logits_loss: 2.1044, aux_loss: 0.0040, lr: 0.00000497, epoch_time: 183.0min
Epoch:[1/2](5000/45383), loss: 1.8232, logits_loss: 1.8191, aux_loss: 0.0040, lr: 0.00000497, epoch_time: 182.0min
Epoch:[1/2](5200/45383), loss: 2.0935, logits_loss: 2.0895, aux_loss: 0.0040, lr: 0.00000496, epoch_time: 182.0min
Epoch:[1/2](5400/45383), loss: 2.1338, logits_loss: 2.1299, aux_loss: 0.0040, lr: 0.00000496, epoch_time: 181.0min
Epoch:[1/2](5600/45383), loss: 1.9426, logits_loss: 1.9386, aux_loss: 0.0040, lr: 0.00000496, epoch_time: 180.0min
Epoch:[1/2](5800/45383), loss: 2.1596, logits_loss: 2.1556, aux_loss: 0.0040, lr: 0.00000495, epoch_time: 179.0min
Epoch:[1/2](6000/45383), loss: 1.9281, logits_loss: 1.9241, aux_loss: 0.0040, lr: 0.00000495, epoch_time: 178.0min
Epoch:[1/2](6200/45383), loss: 2.1445, logits_loss: 2.1405, aux_loss: 0.0040, lr: 0.00000495, epoch_time: 177.0min
Epoch:[1/2](6400/45383), loss: 2.1149, logits_loss: 2.1109, aux_loss: 0.0040, lr: 0.00000495, epoch_time: 176.0min
Epoch:[1/2](6600/45383), loss: 2.0460, logits_loss: 2.0420, aux_loss: 0.0040, lr: 0.00000494, epoch_time: 174.0min
Epoch:[1/2](6800/45383), loss: 2.0819, logits_loss: 2.0779, aux_loss: 0.0040, lr: 0.00000494, epoch_time: 173.0min
Epoch:[1/2](7000/45383), loss: 2.0112, logits_loss: 2.0073, aux_loss: 0.0040, lr: 0.00000493, epoch_time: 172.0min
Epoch:[1/2](7200/45383), loss: 2.0732, logits_loss: 2.0692, aux_loss: 0.0040, lr: 0.00000493, epoch_time: 171.0min
Epoch:[1/2](7400/45383), loss: 2.1513, logits_loss: 2.1473, aux_loss: 0.0040, lr: 0.00000493, epoch_time: 170.0min
Epoch:[1/2](7600/45383), loss: 2.0400, logits_loss: 2.0360, aux_loss: 0.0040, lr: 0.00000492, epoch_time: 170.0min
Epoch:[1/2](7800/45383), loss: 2.0168, logits_loss: 2.0128, aux_loss: 0.0040, lr: 0.00000492, epoch_time: 169.0min
Epoch:[1/2](8000/45383), loss: 2.0236, logits_loss: 2.0196, aux_loss: 0.0040, lr: 0.00000491, epoch_time: 168.0min
Epoch:[1/2](8200/45383), loss: 2.1679, logits_loss: 2.1639, aux_loss: 0.0040, lr: 0.00000491, epoch_time: 166.0min
Epoch:[1/2](8400/45383), loss: 1.9578, logits_loss: 1.9538, aux_loss: 0.0040, lr: 0.00000491, epoch_time: 166.0min
Epoch:[1/2](8600/45383), loss: 2.0311, logits_loss: 2.0271, aux_loss: 0.0040, lr: 0.00000490, epoch_time: 165.0min
Epoch:[1/2](8800/45383), loss: 1.9842, logits_loss: 1.9802, aux_loss: 0.0040, lr: 0.00000490, epoch_time: 164.0min
Epoch:[1/2](9000/45383), loss: 1.9357, logits_loss: 1.9317, aux_loss: 0.0040, lr: 0.00000489, epoch_time: 163.0min
Epoch:[1/2](9200/45383), loss: 1.9660, logits_loss: 1.9620, aux_loss: 0.0040, lr: 0.00000489, epoch_time: 161.0min
Epoch:[1/2](9400/45383), loss: 2.0346, logits_loss: 2.0306, aux_loss: 0.0040, lr: 0.00000488, epoch_time: 160.0min
Epoch:[1/2](9600/45383), loss: 2.0752, logits_loss: 2.0712, aux_loss: 0.0040, lr: 0.00000488, epoch_time: 160.0min
Epoch:[1/2](9800/45383), loss: 1.9541, logits_loss: 1.9501, aux_loss: 0.0040, lr: 0.00000487, epoch_time: 159.0min
Epoch:[1/2](10000/45383), loss: 2.0158, logits_loss: 2.0118, aux_loss: 0.0040, lr: 0.00000487, epoch_time: 158.0min
Epoch:[1/2](10200/45383), loss: 1.9551, logits_loss: 1.9511, aux_loss: 0.0040, lr: 0.00000486, epoch_time: 157.0min
Epoch:[1/2](10400/45383), loss: 1.8556, logits_loss: 1.8516, aux_loss: 0.0040, lr: 0.00000486, epoch_time: 156.0min
Epoch:[1/2](10600/45383), loss: 2.0210, logits_loss: 2.0169, aux_loss: 0.0040, lr: 0.00000485, epoch_time: 155.0min
Epoch:[1/2](10800/45383), loss: 2.1057, logits_loss: 2.1017, aux_loss: 0.0040, lr: 0.00000484, epoch_time: 154.0min
Epoch:[1/2](11000/45383), loss: 2.0101, logits_loss: 2.0061, aux_loss: 0.0040, lr: 0.00000484, epoch_time: 153.0min
Epoch:[1/2](11200/45383), loss: 2.0278, logits_loss: 2.0238, aux_loss: 0.0040, lr: 0.00000483, epoch_time: 152.0min
Epoch:[1/2](11400/45383), loss: 2.0540, logits_loss: 2.0500, aux_loss: 0.0040, lr: 0.00000483, epoch_time: 151.0min
Epoch:[1/2](11600/45383), loss: 2.0832, logits_loss: 2.0792, aux_loss: 0.0040, lr: 0.00000482, epoch_time: 150.0min
Epoch:[1/2](11800/45383), loss: 2.2114, logits_loss: 2.2073, aux_loss: 0.0040, lr: 0.00000481, epoch_time: 149.0min
Epoch:[1/2](12000/45383), loss: 2.1251, logits_loss: 2.1210, aux_loss: 0.0040, lr: 0.00000481, epoch_time: 148.0min
Epoch:[1/2](12200/45383), loss: 2.0252, logits_loss: 2.0212, aux_loss: 0.0040, lr: 0.00000480, epoch_time: 147.0min
Epoch:[1/2](12400/45383), loss: 2.0280, logits_loss: 2.0240, aux_loss: 0.0040, lr: 0.00000480, epoch_time: 146.0min
Epoch:[1/2](12600/45383), loss: 1.8937, logits_loss: 1.8896, aux_loss: 0.0040, lr: 0.00000479, epoch_time: 146.0min
Epoch:[1/2](12800/45383), loss: 2.1145, logits_loss: 2.1105, aux_loss: 0.0040, lr: 0.00000478, epoch_time: 145.0min
Epoch:[1/2](13000/45383), loss: 2.0101, logits_loss: 2.0061, aux_loss: 0.0040, lr: 0.00000478, epoch_time: 144.0min
Epoch:[1/2](13200/45383), loss: 2.1080, logits_loss: 2.1040, aux_loss: 0.0040, lr: 0.00000477, epoch_time: 143.0min
Epoch:[1/2](13400/45383), loss: 2.2273, logits_loss: 2.2232, aux_loss: 0.0040, lr: 0.00000476, epoch_time: 142.0min
Epoch:[1/2](13600/45383), loss: 2.1439, logits_loss: 2.1398, aux_loss: 0.0040, lr: 0.00000476, epoch_time: 141.0min
Epoch:[1/2](13800/45383), loss: 2.0361, logits_loss: 2.0321, aux_loss: 0.0040, lr: 0.00000475, epoch_time: 140.0min
Epoch:[1/2](14000/45383), loss: 2.0960, logits_loss: 2.0920, aux_loss: 0.0040, lr: 0.00000474, epoch_time: 139.0min
Epoch:[1/2](14200/45383), loss: 1.9810, logits_loss: 1.9770, aux_loss: 0.0040, lr: 0.00000473, epoch_time: 138.0min
Epoch:[1/2](14400/45383), loss: 1.9816, logits_loss: 1.9776, aux_loss: 0.0040, lr: 0.00000473, epoch_time: 137.0min
Epoch:[1/2](14600/45383), loss: 2.1213, logits_loss: 2.1173, aux_loss: 0.0040, lr: 0.00000472, epoch_time: 136.0min
Epoch:[1/2](14800/45383), loss: 1.9984, logits_loss: 1.9944, aux_loss: 0.0040, lr: 0.00000471, epoch_time: 135.0min
Epoch:[1/2](15000/45383), loss: 2.0433, logits_loss: 2.0393, aux_loss: 0.0040, lr: 0.00000470, epoch_time: 134.0min
Epoch:[1/2](15200/45383), loss: 2.0180, logits_loss: 2.0140, aux_loss: 0.0040, lr: 0.00000470, epoch_time: 134.0min
Epoch:[1/2](15400/45383), loss: 1.8715, logits_loss: 1.8674, aux_loss: 0.0040, lr: 0.00000469, epoch_time: 133.0min
Epoch:[1/2](15600/45383), loss: 2.0481, logits_loss: 2.0441, aux_loss: 0.0040, lr: 0.00000468, epoch_time: 132.0min
Epoch:[1/2](15800/45383), loss: 1.9427, logits_loss: 1.9387, aux_loss: 0.0040, lr: 0.00000467, epoch_time: 131.0min
Epoch:[1/2](16000/45383), loss: 2.0376, logits_loss: 2.0336, aux_loss: 0.0040, lr: 0.00000466, epoch_time: 130.0min
Epoch:[1/2](16200/45383), loss: 2.1543, logits_loss: 2.1503, aux_loss: 0.0040, lr: 0.00000466, epoch_time: 129.0min
Epoch:[1/2](16400/45383), loss: 1.9069, logits_loss: 1.9028, aux_loss: 0.0040, lr: 0.00000465, epoch_time: 128.0min
Epoch:[1/2](16600/45383), loss: 1.9802, logits_loss: 1.9762, aux_loss: 0.0040, lr: 0.00000464, epoch_time: 127.0min
Epoch:[1/2](16800/45383), loss: 2.0196, logits_loss: 2.0156, aux_loss: 0.0040, lr: 0.00000463, epoch_time: 126.0min
Epoch:[1/2](17000/45383), loss: 2.0295, logits_loss: 2.0255, aux_loss: 0.0040, lr: 0.00000462, epoch_time: 125.0min
Epoch:[1/2](17200/45383), loss: 2.1150, logits_loss: 2.1110, aux_loss: 0.0040, lr: 0.00000461, epoch_time: 125.0min
Epoch:[1/2](17400/45383), loss: 2.0500, logits_loss: 2.0460, aux_loss: 0.0040, lr: 0.00000460, epoch_time: 124.0min
Epoch:[1/2](17600/45383), loss: 1.9461, logits_loss: 1.9421, aux_loss: 0.0040, lr: 0.00000460, epoch_time: 123.0min
Epoch:[1/2](17800/45383), loss: 1.9688, logits_loss: 1.9649, aux_loss: 0.0040, lr: 0.00000459, epoch_time: 122.0min
Epoch:[1/2](18000/45383), loss: 1.8375, logits_loss: 1.8335, aux_loss: 0.0040, lr: 0.00000458, epoch_time: 121.0min
Epoch:[1/2](18200/45383), loss: 2.0725, logits_loss: 2.0685, aux_loss: 0.0040, lr: 0.00000457, epoch_time: 120.0min
Epoch:[1/2](18400/45383), loss: 2.0328, logits_loss: 2.0288, aux_loss: 0.0040, lr: 0.00000456, epoch_time: 119.0min
Epoch:[1/2](18600/45383), loss: 2.0886, logits_loss: 2.0846, aux_loss: 0.0040, lr: 0.00000455, epoch_time: 118.0min
Epoch:[1/2](18800/45383), loss: 1.9828, logits_loss: 1.9788, aux_loss: 0.0040, lr: 0.00000454, epoch_time: 117.0min
Epoch:[1/2](19000/45383), loss: 1.9180, logits_loss: 1.9140, aux_loss: 0.0040, lr: 0.00000453, epoch_time: 116.0min
Epoch:[1/2](19200/45383), loss: 2.1044, logits_loss: 2.1004, aux_loss: 0.0040, lr: 0.00000452, epoch_time: 115.0min
Epoch:[1/2](19400/45383), loss: 1.9656, logits_loss: 1.9617, aux_loss: 0.0040, lr: 0.00000451, epoch_time: 114.0min
Epoch:[1/2](19600/45383), loss: 2.0930, logits_loss: 2.0890, aux_loss: 0.0040, lr: 0.00000450, epoch_time: 114.0min
Epoch:[1/2](19800/45383), loss: 1.9439, logits_loss: 1.9399, aux_loss: 0.0040, lr: 0.00000449, epoch_time: 113.0min
Epoch:[1/2](20000/45383), loss: 2.0755, logits_loss: 2.0715, aux_loss: 0.0040, lr: 0.00000448, epoch_time: 112.0min
Epoch:[1/2](20200/45383), loss: 1.9327, logits_loss: 1.9287, aux_loss: 0.0040, lr: 0.00000447, epoch_time: 111.0min
Epoch:[1/2](20400/45383), loss: 1.8939, logits_loss: 1.8899, aux_loss: 0.0040, lr: 0.00000446, epoch_time: 110.0min
Epoch:[1/2](20600/45383), loss: 1.9218, logits_loss: 1.9178, aux_loss: 0.0040, lr: 0.00000445, epoch_time: 109.0min
Epoch:[1/2](20800/45383), loss: 1.9052, logits_loss: 1.9012, aux_loss: 0.0040, lr: 0.00000444, epoch_time: 108.0min
Epoch:[1/2](21000/45383), loss: 1.9909, logits_loss: 1.9869, aux_loss: 0.0040, lr: 0.00000443, epoch_time: 107.0min
Epoch:[1/2](21200/45383), loss: 2.0063, logits_loss: 2.0023, aux_loss: 0.0040, lr: 0.00000442, epoch_time: 106.0min
Epoch:[1/2](21400/45383), loss: 1.9373, logits_loss: 1.9333, aux_loss: 0.0040, lr: 0.00000441, epoch_time: 106.0min
Epoch:[1/2](21600/45383), loss: 1.9200, logits_loss: 1.9161, aux_loss: 0.0040, lr: 0.00000440, epoch_time: 105.0min
Epoch:[1/2](21800/45383), loss: 1.7926, logits_loss: 1.7886, aux_loss: 0.0040, lr: 0.00000439, epoch_time: 104.0min
Epoch:[1/2](22000/45383), loss: 2.0611, logits_loss: 2.0571, aux_loss: 0.0040, lr: 0.00000438, epoch_time: 103.0min
Epoch:[1/2](22200/45383), loss: 2.0561, logits_loss: 2.0521, aux_loss: 0.0040, lr: 0.00000437, epoch_time: 102.0min
Epoch:[1/2](22400/45383), loss: 1.9932, logits_loss: 1.9892, aux_loss: 0.0040, lr: 0.00000436, epoch_time: 101.0min
Epoch:[1/2](22600/45383), loss: 2.0306, logits_loss: 2.0266, aux_loss: 0.0040, lr: 0.00000435, epoch_time: 100.0min
Epoch:[1/2](22800/45383), loss: 2.0016, logits_loss: 1.9976, aux_loss: 0.0040, lr: 0.00000434, epoch_time: 99.0min
Epoch:[1/2](23000/45383), loss: 1.8931, logits_loss: 1.8891, aux_loss: 0.0040, lr: 0.00000432, epoch_time: 98.0min
Epoch:[1/2](23200/45383), loss: 2.0857, logits_loss: 2.0817, aux_loss: 0.0040, lr: 0.00000431, epoch_time: 97.0min
Epoch:[1/2](23400/45383), loss: 1.9936, logits_loss: 1.9896, aux_loss: 0.0040, lr: 0.00000430, epoch_time: 97.0min
Epoch:[1/2](23600/45383), loss: 2.0000, logits_loss: 1.9960, aux_loss: 0.0040, lr: 0.00000429, epoch_time: 96.0min
Epoch:[1/2](23800/45383), loss: 1.8695, logits_loss: 1.8655, aux_loss: 0.0040, lr: 0.00000428, epoch_time: 95.0min
Epoch:[1/2](24000/45383), loss: 2.0120, logits_loss: 2.0080, aux_loss: 0.0040, lr: 0.00000427, epoch_time: 94.0min
Epoch:[1/2](24200/45383), loss: 2.0361, logits_loss: 2.0321, aux_loss: 0.0040, lr: 0.00000426, epoch_time: 93.0min
Epoch:[1/2](24400/45383), loss: 2.0652, logits_loss: 2.0611, aux_loss: 0.0040, lr: 0.00000424, epoch_time: 92.0min
Epoch:[1/2](24600/45383), loss: 2.0048, logits_loss: 2.0008, aux_loss: 0.0040, lr: 0.00000423, epoch_time: 91.0min
Epoch:[1/2](24800/45383), loss: 1.9632, logits_loss: 1.9592, aux_loss: 0.0040, lr: 0.00000422, epoch_time: 90.0min
Epoch:[1/2](25000/45383), loss: 2.0265, logits_loss: 2.0225, aux_loss: 0.0040, lr: 0.00000421, epoch_time: 89.0min
Epoch:[1/2](25200/45383), loss: 2.0817, logits_loss: 2.0777, aux_loss: 0.0040, lr: 0.00000420, epoch_time: 89.0min
Epoch:[1/2](25400/45383), loss: 1.8941, logits_loss: 1.8901, aux_loss: 0.0040, lr: 0.00000419, epoch_time: 88.0min
Epoch:[1/2](25600/45383), loss: 1.9514, logits_loss: 1.9474, aux_loss: 0.0040, lr: 0.00000417, epoch_time: 87.0min
Epoch:[1/2](25800/45383), loss: 1.9684, logits_loss: 1.9644, aux_loss: 0.0040, lr: 0.00000416, epoch_time: 86.0min
Epoch:[1/2](26000/45383), loss: 2.0139, logits_loss: 2.0099, aux_loss: 0.0040, lr: 0.00000415, epoch_time: 85.0min
Epoch:[1/2](26200/45383), loss: 2.1023, logits_loss: 2.0983, aux_loss: 0.0040, lr: 0.00000414, epoch_time: 84.0min
Epoch:[1/2](26400/45383), loss: 1.9599, logits_loss: 1.9558, aux_loss: 0.0040, lr: 0.00000412, epoch_time: 83.0min
Epoch:[1/2](26600/45383), loss: 2.0287, logits_loss: 2.0247, aux_loss: 0.0040, lr: 0.00000411, epoch_time: 82.0min
Epoch:[1/2](26800/45383), loss: 1.9168, logits_loss: 1.9128, aux_loss: 0.0040, lr: 0.00000410, epoch_time: 81.0min
Epoch:[1/2](27000/45383), loss: 1.9311, logits_loss: 1.9271, aux_loss: 0.0040, lr: 0.00000409, epoch_time: 80.0min
Epoch:[1/2](27200/45383), loss: 2.1204, logits_loss: 2.1164, aux_loss: 0.0040, lr: 0.00000407, epoch_time: 80.0min
Epoch:[1/2](27400/45383), loss: 1.9127, logits_loss: 1.9087, aux_loss: 0.0040, lr: 0.00000406, epoch_time: 79.0min
Epoch:[1/2](27600/45383), loss: 1.9380, logits_loss: 1.9340, aux_loss: 0.0040, lr: 0.00000405, epoch_time: 78.0min
Epoch:[1/2](27800/45383), loss: 1.9631, logits_loss: 1.9591, aux_loss: 0.0040, lr: 0.00000404, epoch_time: 77.0min
Epoch:[1/2](28000/45383), loss: 1.9407, logits_loss: 1.9367, aux_loss: 0.0040, lr: 0.00000402, epoch_time: 76.0min
Epoch:[1/2](28200/45383), loss: 1.9523, logits_loss: 1.9483, aux_loss: 0.0040, lr: 0.00000401, epoch_time: 75.0min
Epoch:[1/2](28400/45383), loss: 1.8683, logits_loss: 1.8643, aux_loss: 0.0040, lr: 0.00000400, epoch_time: 74.0min
Epoch:[1/2](28600/45383), loss: 1.9482, logits_loss: 1.9442, aux_loss: 0.0040, lr: 0.00000398, epoch_time: 73.0min
Epoch:[1/2](28800/45383), loss: 2.0049, logits_loss: 2.0009, aux_loss: 0.0040, lr: 0.00000397, epoch_time: 72.0min
Epoch:[1/2](29000/45383), loss: 1.9031, logits_loss: 1.8991, aux_loss: 0.0040, lr: 0.00000396, epoch_time: 72.0min
Epoch:[1/2](29200/45383), loss: 2.0298, logits_loss: 2.0258, aux_loss: 0.0040, lr: 0.00000395, epoch_time: 71.0min
Epoch:[1/2](29400/45383), loss: 1.9713, logits_loss: 1.9673, aux_loss: 0.0040, lr: 0.00000393, epoch_time: 70.0min
Epoch:[1/2](29600/45383), loss: 1.9917, logits_loss: 1.9877, aux_loss: 0.0040, lr: 0.00000392, epoch_time: 69.0min
Epoch:[1/2](29800/45383), loss: 1.8340, logits_loss: 1.8300, aux_loss: 0.0040, lr: 0.00000391, epoch_time: 68.0min
Epoch:[1/2](30000/45383), loss: 1.9971, logits_loss: 1.9931, aux_loss: 0.0040, lr: 0.00000389, epoch_time: 67.0min
Epoch:[1/2](30200/45383), loss: 2.0091, logits_loss: 2.0051, aux_loss: 0.0040, lr: 0.00000388, epoch_time: 66.0min
Epoch:[1/2](30400/45383), loss: 2.0195, logits_loss: 2.0155, aux_loss: 0.0040, lr: 0.00000387, epoch_time: 65.0min
Epoch:[1/2](30600/45383), loss: 2.0324, logits_loss: 2.0284, aux_loss: 0.0040, lr: 0.00000385, epoch_time: 65.0min
Epoch:[1/2](30800/45383), loss: 1.9892, logits_loss: 1.9852, aux_loss: 0.0040, lr: 0.00000384, epoch_time: 64.0min
Epoch:[1/2](31000/45383), loss: 2.0904, logits_loss: 2.0864, aux_loss: 0.0040, lr: 0.00000382, epoch_time: 63.0min
Epoch:[1/2](31200/45383), loss: 1.9738, logits_loss: 1.9698, aux_loss: 0.0040, lr: 0.00000381, epoch_time: 62.0min
Epoch:[1/2](31400/45383), loss: 2.0615, logits_loss: 2.0575, aux_loss: 0.0040, lr: 0.00000380, epoch_time: 61.0min
Epoch:[1/2](31600/45383), loss: 2.0170, logits_loss: 2.0130, aux_loss: 0.0040, lr: 0.00000378, epoch_time: 60.0min
Epoch:[1/2](31800/45383), loss: 2.0414, logits_loss: 2.0374, aux_loss: 0.0040, lr: 0.00000377, epoch_time: 59.0min
Epoch:[1/2](32000/45383), loss: 1.8567, logits_loss: 1.8527, aux_loss: 0.0040, lr: 0.00000376, epoch_time: 58.0min
Epoch:[1/2](32200/45383), loss: 1.9471, logits_loss: 1.9431, aux_loss: 0.0040, lr: 0.00000374, epoch_time: 57.0min
Epoch:[1/2](32400/45383), loss: 1.9599, logits_loss: 1.9559, aux_loss: 0.0040, lr: 0.00000373, epoch_time: 57.0min
Epoch:[1/2](32600/45383), loss: 1.8489, logits_loss: 1.8449, aux_loss: 0.0040, lr: 0.00000371, epoch_time: 56.0min
Epoch:[1/2](32800/45383), loss: 1.9562, logits_loss: 1.9522, aux_loss: 0.0040, lr: 0.00000370, epoch_time: 55.0min
Epoch:[1/2](33000/45383), loss: 1.8831, logits_loss: 1.8791, aux_loss: 0.0040, lr: 0.00000369, epoch_time: 54.0min
Epoch:[1/2](33200/45383), loss: 2.0008, logits_loss: 1.9968, aux_loss: 0.0040, lr: 0.00000367, epoch_time: 53.0min
Epoch:[1/2](33400/45383), loss: 1.9646, logits_loss: 1.9606, aux_loss: 0.0040, lr: 0.00000366, epoch_time: 52.0min
Epoch:[1/2](33600/45383), loss: 1.8539, logits_loss: 1.8499, aux_loss: 0.0040, lr: 0.00000364, epoch_time: 51.0min
Epoch:[1/2](33800/45383), loss: 1.8950, logits_loss: 1.8909, aux_loss: 0.0040, lr: 0.00000363, epoch_time: 50.0min
Epoch:[1/2](34000/45383), loss: 1.9272, logits_loss: 1.9232, aux_loss: 0.0040, lr: 0.00000361, epoch_time: 50.0min
Epoch:[1/2](34200/45383), loss: 1.9864, logits_loss: 1.9824, aux_loss: 0.0040, lr: 0.00000360, epoch_time: 49.0min
Epoch:[1/2](34400/45383), loss: 2.0152, logits_loss: 2.0112, aux_loss: 0.0040, lr: 0.00000358, epoch_time: 48.0min
Epoch:[1/2](34600/45383), loss: 1.9501, logits_loss: 1.9461, aux_loss: 0.0040, lr: 0.00000357, epoch_time: 47.0min
Epoch:[1/2](34800/45383), loss: 2.0104, logits_loss: 2.0064, aux_loss: 0.0040, lr: 0.00000356, epoch_time: 46.0min
Epoch:[1/2](35000/45383), loss: 2.0374, logits_loss: 2.0334, aux_loss: 0.0040, lr: 0.00000354, epoch_time: 45.0min
Epoch:[1/2](35200/45383), loss: 2.0482, logits_loss: 2.0442, aux_loss: 0.0040, lr: 0.00000353, epoch_time: 44.0min
Epoch:[1/2](35400/45383), loss: 1.8298, logits_loss: 1.8258, aux_loss: 0.0040, lr: 0.00000351, epoch_time: 43.0min
Epoch:[1/2](35600/45383), loss: 1.9994, logits_loss: 1.9954, aux_loss: 0.0040, lr: 0.00000350, epoch_time: 42.0min
Epoch:[1/2](35800/45383), loss: 1.9238, logits_loss: 1.9197, aux_loss: 0.0040, lr: 0.00000348, epoch_time: 42.0min
Epoch:[1/2](36000/45383), loss: 1.8912, logits_loss: 1.8872, aux_loss: 0.0040, lr: 0.00000347, epoch_time: 41.0min
Epoch:[1/2](36200/45383), loss: 2.0064, logits_loss: 2.0024, aux_loss: 0.0040, lr: 0.00000345, epoch_time: 40.0min
Epoch:[1/2](36400/45383), loss: 1.9077, logits_loss: 1.9037, aux_loss: 0.0040, lr: 0.00000344, epoch_time: 39.0min
Epoch:[1/2](36600/45383), loss: 1.9259, logits_loss: 1.9219, aux_loss: 0.0040, lr: 0.00000342, epoch_time: 38.0min
Epoch:[1/2](36800/45383), loss: 1.9096, logits_loss: 1.9056, aux_loss: 0.0040, lr: 0.00000341, epoch_time: 37.0min
Epoch:[1/2](37000/45383), loss: 2.0677, logits_loss: 2.0637, aux_loss: 0.0040, lr: 0.00000339, epoch_time: 36.0min
Epoch:[1/2](37200/45383), loss: 1.9257, logits_loss: 1.9217, aux_loss: 0.0040, lr: 0.00000338, epoch_time: 35.0min
Epoch:[1/2](37400/45383), loss: 1.9273, logits_loss: 1.9233, aux_loss: 0.0040, lr: 0.00000336, epoch_time: 35.0min
Epoch:[1/2](37600/45383), loss: 2.0001, logits_loss: 1.9961, aux_loss: 0.0040, lr: 0.00000335, epoch_time: 34.0min
Epoch:[1/2](37800/45383), loss: 1.9463, logits_loss: 1.9423, aux_loss: 0.0040, lr: 0.00000333, epoch_time: 33.0min
Epoch:[1/2](38000/45383), loss: 1.9899, logits_loss: 1.9859, aux_loss: 0.0040, lr: 0.00000332, epoch_time: 32.0min
Epoch:[1/2](38200/45383), loss: 1.8751, logits_loss: 1.8711, aux_loss: 0.0040, lr: 0.00000330, epoch_time: 31.0min
Epoch:[1/2](38400/45383), loss: 1.8886, logits_loss: 1.8846, aux_loss: 0.0040, lr: 0.00000329, epoch_time: 30.0min
Epoch:[1/2](38600/45383), loss: 1.9011, logits_loss: 1.8972, aux_loss: 0.0040, lr: 0.00000327, epoch_time: 29.0min
Epoch:[1/2](38800/45383), loss: 1.9438, logits_loss: 1.9398, aux_loss: 0.0040, lr: 0.00000326, epoch_time: 28.0min
Epoch:[1/2](39000/45383), loss: 1.9525, logits_loss: 1.9485, aux_loss: 0.0040, lr: 0.00000324, epoch_time: 28.0min
Epoch:[1/2](39200/45383), loss: 1.9812, logits_loss: 1.9772, aux_loss: 0.0040, lr: 0.00000323, epoch_time: 27.0min
Epoch:[1/2](39400/45383), loss: 2.0232, logits_loss: 2.0192, aux_loss: 0.0040, lr: 0.00000321, epoch_time: 26.0min
Epoch:[1/2](39600/45383), loss: 1.9077, logits_loss: 1.9037, aux_loss: 0.0040, lr: 0.00000320, epoch_time: 25.0min
Epoch:[1/2](39800/45383), loss: 1.7980, logits_loss: 1.7940, aux_loss: 0.0040, lr: 0.00000318, epoch_time: 24.0min
Epoch:[1/2](40000/45383), loss: 2.0657, logits_loss: 2.0617, aux_loss: 0.0040, lr: 0.00000317, epoch_time: 23.0min
Epoch:[1/2](40200/45383), loss: 1.9191, logits_loss: 1.9151, aux_loss: 0.0040, lr: 0.00000315, epoch_time: 22.0min
Epoch:[1/2](40400/45383), loss: 1.9357, logits_loss: 1.9317, aux_loss: 0.0040, lr: 0.00000314, epoch_time: 21.0min
Epoch:[1/2](40600/45383), loss: 1.8863, logits_loss: 1.8823, aux_loss: 0.0040, lr: 0.00000312, epoch_time: 20.0min
Epoch:[1/2](40800/45383), loss: 1.9124, logits_loss: 1.9084, aux_loss: 0.0040, lr: 0.00000311, epoch_time: 20.0min
Epoch:[1/2](41000/45383), loss: 1.8170, logits_loss: 1.8130, aux_loss: 0.0040, lr: 0.00000309, epoch_time: 19.0min
Epoch:[1/2](41200/45383), loss: 1.9794, logits_loss: 1.9754, aux_loss: 0.0040, lr: 0.00000307, epoch_time: 18.0min
Epoch:[1/2](41400/45383), loss: 1.9750, logits_loss: 1.9710, aux_loss: 0.0040, lr: 0.00000306, epoch_time: 17.0min
Epoch:[1/2](41600/45383), loss: 1.8220, logits_loss: 1.8180, aux_loss: 0.0040, lr: 0.00000304, epoch_time: 16.0min
Epoch:[1/2](41800/45383), loss: 1.9876, logits_loss: 1.9836, aux_loss: 0.0040, lr: 0.00000303, epoch_time: 15.0min
Epoch:[1/2](42000/45383), loss: 1.9626, logits_loss: 1.9586, aux_loss: 0.0040, lr: 0.00000301, epoch_time: 14.0min
Epoch:[1/2](42200/45383), loss: 1.8727, logits_loss: 1.8687, aux_loss: 0.0040, lr: 0.00000300, epoch_time: 13.0min
Epoch:[1/2](42400/45383), loss: 1.9084, logits_loss: 1.9044, aux_loss: 0.0040, lr: 0.00000298, epoch_time: 13.0min
Epoch:[1/2](42600/45383), loss: 2.0089, logits_loss: 2.0049, aux_loss: 0.0040, lr: 0.00000297, epoch_time: 12.0min
Epoch:[1/2](42800/45383), loss: 1.9357, logits_loss: 1.9317, aux_loss: 0.0040, lr: 0.00000295, epoch_time: 11.0min
Epoch:[1/2](43000/45383), loss: 1.9129, logits_loss: 1.9089, aux_loss: 0.0040, lr: 0.00000294, epoch_time: 10.0min
Epoch:[1/2](43200/45383), loss: 2.0011, logits_loss: 1.9971, aux_loss: 0.0040, lr: 0.00000292, epoch_time: 9.0min
Epoch:[1/2](43400/45383), loss: 1.8968, logits_loss: 1.8928, aux_loss: 0.0040, lr: 0.00000290, epoch_time: 8.0min
Epoch:[1/2](43600/45383), loss: 1.9542, logits_loss: 1.9502, aux_loss: 0.0040, lr: 0.00000289, epoch_time: 7.0min
Epoch:[1/2](43800/45383), loss: 1.8887, logits_loss: 1.8847, aux_loss: 0.0040, lr: 0.00000287, epoch_time: 6.0min
Epoch:[1/2](44000/45383), loss: 1.9245, logits_loss: 1.9205, aux_loss: 0.0040, lr: 0.00000286, epoch_time: 6.0min
Epoch:[1/2](44200/45383), loss: 1.8696, logits_loss: 1.8656, aux_loss: 0.0040, lr: 0.00000284, epoch_time: 5.0min
Epoch:[1/2](44400/45383), loss: 2.0225, logits_loss: 2.0184, aux_loss: 0.0040, lr: 0.00000283, epoch_time: 4.0min
Epoch:[1/2](44600/45383), loss: 2.0320, logits_loss: 2.0280, aux_loss: 0.0040, lr: 0.00000281, epoch_time: 3.0min
Epoch:[1/2](44800/45383), loss: 1.9681, logits_loss: 1.9641, aux_loss: 0.0040, lr: 0.00000280, epoch_time: 2.0min
Epoch:[1/2](45000/45383), loss: 1.8893, logits_loss: 1.8853, aux_loss: 0.0040, lr: 0.00000278, epoch_time: 1.0min
Epoch:[1/2](45200/45383), loss: 1.9793, logits_loss: 1.9752, aux_loss: 0.0040, lr: 0.00000276, epoch_time: 0.0min
Epoch:[1/2](45383/45383), loss: 2.0558, logits_loss: 2.0518, aux_loss: 0.0040, lr: 0.00000275, epoch_time: 0.0min
Epoch:[2/2](200/45383), loss: 1.8912, logits_loss: 1.8871, aux_loss: 0.0040, lr: 0.00000273, epoch_time: 200.0min
Epoch:[2/2](400/45383), loss: 1.9982, logits_loss: 1.9942, aux_loss: 0.0040, lr: 0.00000272, epoch_time: 197.0min
Epoch:[2/2](600/45383), loss: 1.8911, logits_loss: 1.8871, aux_loss: 0.0040, lr: 0.00000270, epoch_time: 196.0min
Epoch:[2/2](800/45383), loss: 1.9628, logits_loss: 1.9587, aux_loss: 0.0040, lr: 0.00000269, epoch_time: 194.0min
Epoch:[2/2](1000/45383), loss: 2.0494, logits_loss: 2.0454, aux_loss: 0.0040, lr: 0.00000267, epoch_time: 193.0min
Epoch:[2/2](1200/45383), loss: 1.9220, logits_loss: 1.9180, aux_loss: 0.0040, lr: 0.00000266, epoch_time: 192.0min
Epoch:[2/2](1400/45383), loss: 1.9292, logits_loss: 1.9252, aux_loss: 0.0040, lr: 0.00000264, epoch_time: 191.0min
Epoch:[2/2](1600/45383), loss: 2.0387, logits_loss: 2.0347, aux_loss: 0.0040, lr: 0.00000263, epoch_time: 190.0min
Epoch:[2/2](1800/45383), loss: 1.9826, logits_loss: 1.9786, aux_loss: 0.0040, lr: 0.00000261, epoch_time: 189.0min
Epoch:[2/2](2000/45383), loss: 1.9467, logits_loss: 1.9427, aux_loss: 0.0040, lr: 0.00000259, epoch_time: 188.0min
Epoch:[2/2](2200/45383), loss: 1.9760, logits_loss: 1.9720, aux_loss: 0.0040, lr: 0.00000258, epoch_time: 188.0min
Epoch:[2/2](2400/45383), loss: 1.8416, logits_loss: 1.8376, aux_loss: 0.0040, lr: 0.00000256, epoch_time: 187.0min
Epoch:[2/2](2600/45383), loss: 1.8749, logits_loss: 1.8709, aux_loss: 0.0040, lr: 0.00000255, epoch_time: 186.0min
Epoch:[2/2](2800/45383), loss: 1.9932, logits_loss: 1.9891, aux_loss: 0.0040, lr: 0.00000253, epoch_time: 185.0min
Epoch:[2/2](3000/45383), loss: 1.9527, logits_loss: 1.9487, aux_loss: 0.0040, lr: 0.00000252, epoch_time: 184.0min
Epoch:[2/2](3200/45383), loss: 1.9537, logits_loss: 1.9497, aux_loss: 0.0040, lr: 0.00000250, epoch_time: 183.0min
Epoch:[2/2](3400/45383), loss: 1.9989, logits_loss: 1.9948, aux_loss: 0.0040, lr: 0.00000249, epoch_time: 183.0min
Epoch:[2/2](3600/45383), loss: 1.9390, logits_loss: 1.9349, aux_loss: 0.0040, lr: 0.00000247, epoch_time: 182.0min
Epoch:[2/2](3800/45383), loss: 1.9305, logits_loss: 1.9265, aux_loss: 0.0040, lr: 0.00000245, epoch_time: 181.0min
Epoch:[2/2](4000/45383), loss: 2.0247, logits_loss: 2.0207, aux_loss: 0.0040, lr: 0.00000244, epoch_time: 180.0min
Epoch:[2/2](4200/45383), loss: 1.9663, logits_loss: 1.9623, aux_loss: 0.0040, lr: 0.00000242, epoch_time: 179.0min
Epoch:[2/2](4400/45383), loss: 1.9187, logits_loss: 1.9147, aux_loss: 0.0040, lr: 0.00000241, epoch_time: 178.0min
Epoch:[2/2](4600/45383), loss: 1.9252, logits_loss: 1.9212, aux_loss: 0.0040, lr: 0.00000239, epoch_time: 177.0min
Epoch:[2/2](4800/45383), loss: 1.9342, logits_loss: 1.9302, aux_loss: 0.0040, lr: 0.00000238, epoch_time: 176.0min
Epoch:[2/2](5000/45383), loss: 2.0121, logits_loss: 2.0081, aux_loss: 0.0040, lr: 0.00000236, epoch_time: 176.0min
Epoch:[2/2](5200/45383), loss: 1.9907, logits_loss: 1.9867, aux_loss: 0.0040, lr: 0.00000235, epoch_time: 175.0min
Epoch:[2/2](5400/45383), loss: 2.0022, logits_loss: 1.9982, aux_loss: 0.0040, lr: 0.00000233, epoch_time: 174.0min
Epoch:[2/2](5600/45383), loss: 1.9829, logits_loss: 1.9789, aux_loss: 0.0040, lr: 0.00000232, epoch_time: 173.0min
Epoch:[2/2](5800/45383), loss: 1.9361, logits_loss: 1.9321, aux_loss: 0.0040, lr: 0.00000230, epoch_time: 172.0min
Epoch:[2/2](6000/45383), loss: 1.9529, logits_loss: 1.9489, aux_loss: 0.0040, lr: 0.00000229, epoch_time: 172.0min
Epoch:[2/2](6200/45383), loss: 1.9160, logits_loss: 1.9120, aux_loss: 0.0040, lr: 0.00000227, epoch_time: 171.0min
Epoch:[2/2](6400/45383), loss: 2.1297, logits_loss: 2.1257, aux_loss: 0.0040, lr: 0.00000226, epoch_time: 170.0min
Epoch:[2/2](6600/45383), loss: 1.8752, logits_loss: 1.8712, aux_loss: 0.0040, lr: 0.00000224, epoch_time: 169.0min
Epoch:[2/2](6800/45383), loss: 1.9477, logits_loss: 1.9437, aux_loss: 0.0040, lr: 0.00000223, epoch_time: 168.0min
Epoch:[2/2](7000/45383), loss: 1.9115, logits_loss: 1.9075, aux_loss: 0.0040, lr: 0.00000221, epoch_time: 167.0min
Epoch:[2/2](7200/45383), loss: 1.8843, logits_loss: 1.8803, aux_loss: 0.0040, lr: 0.00000220, epoch_time: 166.0min
Epoch:[2/2](7400/45383), loss: 1.9086, logits_loss: 1.9046, aux_loss: 0.0040, lr: 0.00000218, epoch_time: 165.0min
Epoch:[2/2](7600/45383), loss: 1.9648, logits_loss: 1.9608, aux_loss: 0.0040, lr: 0.00000216, epoch_time: 164.0min
Epoch:[2/2](7800/45383), loss: 1.9966, logits_loss: 1.9926, aux_loss: 0.0040, lr: 0.00000215, epoch_time: 164.0min
Epoch:[2/2](8000/45383), loss: 1.9338, logits_loss: 1.9298, aux_loss: 0.0040, lr: 0.00000213, epoch_time: 163.0min
Epoch:[2/2](8200/45383), loss: 1.9841, logits_loss: 1.9801, aux_loss: 0.0040, lr: 0.00000212, epoch_time: 162.0min
Epoch:[2/2](8400/45383), loss: 1.9937, logits_loss: 1.9897, aux_loss: 0.0040, lr: 0.00000211, epoch_time: 161.0min
Epoch:[2/2](8600/45383), loss: 1.9822, logits_loss: 1.9781, aux_loss: 0.0040, lr: 0.00000209, epoch_time: 160.0min
Epoch:[2/2](8800/45383), loss: 1.9098, logits_loss: 1.9057, aux_loss: 0.0040, lr: 0.00000208, epoch_time: 159.0min
Epoch:[2/2](9000/45383), loss: 1.9524, logits_loss: 1.9484, aux_loss: 0.0040, lr: 0.00000206, epoch_time: 158.0min
Epoch:[2/2](9200/45383), loss: 1.8375, logits_loss: 1.8335, aux_loss: 0.0040, lr: 0.00000205, epoch_time: 157.0min
Epoch:[2/2](9400/45383), loss: 1.9052, logits_loss: 1.9012, aux_loss: 0.0040, lr: 0.00000203, epoch_time: 157.0min
Epoch:[2/2](9600/45383), loss: 1.9299, logits_loss: 1.9258, aux_loss: 0.0040, lr: 0.00000202, epoch_time: 156.0min
Epoch:[2/2](9800/45383), loss: 1.9479, logits_loss: 1.9439, aux_loss: 0.0040, lr: 0.00000200, epoch_time: 155.0min
Epoch:[2/2](10000/45383), loss: 1.9239, logits_loss: 1.9199, aux_loss: 0.0040, lr: 0.00000199, epoch_time: 154.0min
Epoch:[2/2](10200/45383), loss: 1.8391, logits_loss: 1.8351, aux_loss: 0.0040, lr: 0.00000197, epoch_time: 153.0min
Epoch:[2/2](10400/45383), loss: 1.9933, logits_loss: 1.9893, aux_loss: 0.0040, lr: 0.00000196, epoch_time: 152.0min
Epoch:[2/2](10600/45383), loss: 2.0169, logits_loss: 2.0129, aux_loss: 0.0040, lr: 0.00000194, epoch_time: 152.0min
Epoch:[2/2](10800/45383), loss: 2.0275, logits_loss: 2.0235, aux_loss: 0.0040, lr: 0.00000193, epoch_time: 151.0min
Epoch:[2/2](11000/45383), loss: 1.9803, logits_loss: 1.9763, aux_loss: 0.0040, lr: 0.00000191, epoch_time: 150.0min
Epoch:[2/2](11200/45383), loss: 1.8677, logits_loss: 1.8637, aux_loss: 0.0040, lr: 0.00000190, epoch_time: 149.0min
Epoch:[2/2](11400/45383), loss: 1.9615, logits_loss: 1.9575, aux_loss: 0.0040, lr: 0.00000189, epoch_time: 148.0min
Epoch:[2/2](11600/45383), loss: 1.9655, logits_loss: 1.9615, aux_loss: 0.0040, lr: 0.00000187, epoch_time: 147.0min
Epoch:[2/2](11800/45383), loss: 1.8497, logits_loss: 1.8457, aux_loss: 0.0040, lr: 0.00000186, epoch_time: 146.0min
Epoch:[2/2](12000/45383), loss: 1.8873, logits_loss: 1.8834, aux_loss: 0.0040, lr: 0.00000184, epoch_time: 145.0min
Epoch:[2/2](12200/45383), loss: 1.9374, logits_loss: 1.9334, aux_loss: 0.0040, lr: 0.00000183, epoch_time: 144.0min
Epoch:[2/2](12400/45383), loss: 1.9131, logits_loss: 1.9091, aux_loss: 0.0040, lr: 0.00000181, epoch_time: 143.0min
Epoch:[2/2](12600/45383), loss: 1.9347, logits_loss: 1.9307, aux_loss: 0.0040, lr: 0.00000180, epoch_time: 143.0min
Epoch:[2/2](12800/45383), loss: 1.9638, logits_loss: 1.9597, aux_loss: 0.0040, lr: 0.00000179, epoch_time: 142.0min
Epoch:[2/2](13000/45383), loss: 1.7864, logits_loss: 1.7824, aux_loss: 0.0040, lr: 0.00000177, epoch_time: 141.0min
Epoch:[2/2](13200/45383), loss: 1.9001, logits_loss: 1.8961, aux_loss: 0.0040, lr: 0.00000176, epoch_time: 140.0min
Epoch:[2/2](13400/45383), loss: 1.7461, logits_loss: 1.7421, aux_loss: 0.0040, lr: 0.00000174, epoch_time: 139.0min
Epoch:[2/2](13600/45383), loss: 1.9484, logits_loss: 1.9444, aux_loss: 0.0040, lr: 0.00000173, epoch_time: 138.0min
Epoch:[2/2](13800/45383), loss: 1.8743, logits_loss: 1.8703, aux_loss: 0.0040, lr: 0.00000172, epoch_time: 137.0min
Epoch:[2/2](14000/45383), loss: 1.8289, logits_loss: 1.8249, aux_loss: 0.0040, lr: 0.00000170, epoch_time: 136.0min
Epoch:[2/2](14200/45383), loss: 1.9394, logits_loss: 1.9354, aux_loss: 0.0040, lr: 0.00000169, epoch_time: 135.0min
Epoch:[2/2](14400/45383), loss: 1.8308, logits_loss: 1.8268, aux_loss: 0.0040, lr: 0.00000167, epoch_time: 134.0min
Epoch:[2/2](14600/45383), loss: 2.0022, logits_loss: 1.9982, aux_loss: 0.0040, lr: 0.00000166, epoch_time: 134.0min
Epoch:[2/2](14800/45383), loss: 1.9918, logits_loss: 1.9877, aux_loss: 0.0040, lr: 0.00000165, epoch_time: 133.0min
Epoch:[2/2](15000/45383), loss: 1.8411, logits_loss: 1.8371, aux_loss: 0.0040, lr: 0.00000163, epoch_time: 132.0min
Epoch:[2/2](15200/45383), loss: 1.8974, logits_loss: 1.8934, aux_loss: 0.0040, lr: 0.00000162, epoch_time: 131.0min
Epoch:[2/2](15400/45383), loss: 1.8856, logits_loss: 1.8816, aux_loss: 0.0040, lr: 0.00000161, epoch_time: 130.0min
Epoch:[2/2](15600/45383), loss: 1.9267, logits_loss: 1.9227, aux_loss: 0.0040, lr: 0.00000159, epoch_time: 129.0min
Epoch:[2/2](15800/45383), loss: 1.9422, logits_loss: 1.9382, aux_loss: 0.0040, lr: 0.00000158, epoch_time: 128.0min
Epoch:[2/2](16000/45383), loss: 2.0135, logits_loss: 2.0095, aux_loss: 0.0040, lr: 0.00000157, epoch_time: 127.0min
Epoch:[2/2](16200/45383), loss: 1.9554, logits_loss: 1.9514, aux_loss: 0.0040, lr: 0.00000155, epoch_time: 127.0min
Epoch:[2/2](16400/45383), loss: 1.9186, logits_loss: 1.9146, aux_loss: 0.0040, lr: 0.00000154, epoch_time: 126.0min
Epoch:[2/2](16600/45383), loss: 1.8880, logits_loss: 1.8840, aux_loss: 0.0040, lr: 0.00000153, epoch_time: 125.0min
Epoch:[2/2](16800/45383), loss: 1.9730, logits_loss: 1.9690, aux_loss: 0.0040, lr: 0.00000151, epoch_time: 124.0min
Epoch:[2/2](17000/45383), loss: 1.9065, logits_loss: 1.9025, aux_loss: 0.0040, lr: 0.00000150, epoch_time: 123.0min
Epoch:[2/2](17200/45383), loss: 2.0302, logits_loss: 2.0262, aux_loss: 0.0040, lr: 0.00000149, epoch_time: 122.0min
Epoch:[2/2](17400/45383), loss: 1.8850, logits_loss: 1.8810, aux_loss: 0.0040, lr: 0.00000148, epoch_time: 121.0min
Epoch:[2/2](17600/45383), loss: 1.8885, logits_loss: 1.8845, aux_loss: 0.0040, lr: 0.00000146, epoch_time: 120.0min
Epoch:[2/2](17800/45383), loss: 1.9324, logits_loss: 1.9284, aux_loss: 0.0040, lr: 0.00000145, epoch_time: 120.0min
Epoch:[2/2](18000/45383), loss: 1.9799, logits_loss: 1.9759, aux_loss: 0.0040, lr: 0.00000144, epoch_time: 119.0min
Epoch:[2/2](18200/45383), loss: 1.8013, logits_loss: 1.7973, aux_loss: 0.0040, lr: 0.00000142, epoch_time: 118.0min
Epoch:[2/2](18400/45383), loss: 1.9663, logits_loss: 1.9623, aux_loss: 0.0040, lr: 0.00000141, epoch_time: 117.0min
Epoch:[2/2](18600/45383), loss: 2.0206, logits_loss: 2.0166, aux_loss: 0.0040, lr: 0.00000140, epoch_time: 116.0min
Epoch:[2/2](18800/45383), loss: 1.9964, logits_loss: 1.9923, aux_loss: 0.0040, lr: 0.00000139, epoch_time: 115.0min
Epoch:[2/2](19000/45383), loss: 1.8835, logits_loss: 1.8795, aux_loss: 0.0040, lr: 0.00000137, epoch_time: 114.0min
Epoch:[2/2](19200/45383), loss: 2.0961, logits_loss: 2.0921, aux_loss: 0.0040, lr: 0.00000136, epoch_time: 113.0min
Epoch:[2/2](19400/45383), loss: 1.9352, logits_loss: 1.9312, aux_loss: 0.0040, lr: 0.00000135, epoch_time: 113.0min
Epoch:[2/2](19600/45383), loss: 1.9365, logits_loss: 1.9325, aux_loss: 0.0040, lr: 0.00000134, epoch_time: 112.0min
Epoch:[2/2](19800/45383), loss: 2.0381, logits_loss: 2.0341, aux_loss: 0.0040, lr: 0.00000133, epoch_time: 111.0min
Epoch:[2/2](20000/45383), loss: 1.9132, logits_loss: 1.9092, aux_loss: 0.0040, lr: 0.00000131, epoch_time: 110.0min
Epoch:[2/2](20200/45383), loss: 1.9838, logits_loss: 1.9798, aux_loss: 0.0040, lr: 0.00000130, epoch_time: 109.0min
Epoch:[2/2](20400/45383), loss: 1.8447, logits_loss: 1.8407, aux_loss: 0.0040, lr: 0.00000129, epoch_time: 108.0min
Epoch:[2/2](20600/45383), loss: 1.9262, logits_loss: 1.9222, aux_loss: 0.0040, lr: 0.00000128, epoch_time: 107.0min
Epoch:[2/2](20800/45383), loss: 1.8546, logits_loss: 1.8506, aux_loss: 0.0040, lr: 0.00000127, epoch_time: 107.0min
Epoch:[2/2](21000/45383), loss: 1.9754, logits_loss: 1.9714, aux_loss: 0.0040, lr: 0.00000125, epoch_time: 106.0min
Epoch:[2/2](21200/45383), loss: 1.8688, logits_loss: 1.8648, aux_loss: 0.0040, lr: 0.00000124, epoch_time: 105.0min
Epoch:[2/2](21400/45383), loss: 2.0545, logits_loss: 2.0505, aux_loss: 0.0040, lr: 0.00000123, epoch_time: 104.0min
Epoch:[2/2](21600/45383), loss: 1.9072, logits_loss: 1.9032, aux_loss: 0.0040, lr: 0.00000122, epoch_time: 103.0min
Epoch:[2/2](21800/45383), loss: 1.9985, logits_loss: 1.9945, aux_loss: 0.0040, lr: 0.00000121, epoch_time: 102.0min
Epoch:[2/2](22000/45383), loss: 1.9413, logits_loss: 1.9373, aux_loss: 0.0040, lr: 0.00000120, epoch_time: 101.0min
Epoch:[2/2](22200/45383), loss: 1.8894, logits_loss: 1.8854, aux_loss: 0.0040, lr: 0.00000119, epoch_time: 100.0min
Epoch:[2/2](22400/45383), loss: 1.9282, logits_loss: 1.9242, aux_loss: 0.0040, lr: 0.00000118, epoch_time: 100.0min
Epoch:[2/2](22600/45383), loss: 1.8629, logits_loss: 1.8589, aux_loss: 0.0040, lr: 0.00000116, epoch_time: 99.0min
Epoch:[2/2](22800/45383), loss: 1.9539, logits_loss: 1.9499, aux_loss: 0.0040, lr: 0.00000115, epoch_time: 98.0min
Epoch:[2/2](23000/45383), loss: 1.9869, logits_loss: 1.9829, aux_loss: 0.0040, lr: 0.00000114, epoch_time: 97.0min
Epoch:[2/2](23200/45383), loss: 1.9158, logits_loss: 1.9118, aux_loss: 0.0040, lr: 0.00000113, epoch_time: 96.0min
Epoch:[2/2](23400/45383), loss: 1.9543, logits_loss: 1.9503, aux_loss: 0.0040, lr: 0.00000112, epoch_time: 95.0min
Epoch:[2/2](23600/45383), loss: 1.9586, logits_loss: 1.9546, aux_loss: 0.0040, lr: 0.00000111, epoch_time: 94.0min
Epoch:[2/2](23800/45383), loss: 1.9197, logits_loss: 1.9157, aux_loss: 0.0040, lr: 0.00000110, epoch_time: 93.0min
Epoch:[2/2](24000/45383), loss: 1.9322, logits_loss: 1.9282, aux_loss: 0.0040, lr: 0.00000109, epoch_time: 93.0min
Epoch:[2/2](24200/45383), loss: 1.8991, logits_loss: 1.8951, aux_loss: 0.0040, lr: 0.00000108, epoch_time: 92.0min
Epoch:[2/2](24400/45383), loss: 2.0059, logits_loss: 2.0019, aux_loss: 0.0040, lr: 0.00000107, epoch_time: 91.0min
Epoch:[2/2](24600/45383), loss: 1.9707, logits_loss: 1.9667, aux_loss: 0.0040, lr: 0.00000106, epoch_time: 90.0min
Epoch:[2/2](24800/45383), loss: 1.9432, logits_loss: 1.9392, aux_loss: 0.0040, lr: 0.00000105, epoch_time: 89.0min
Epoch:[2/2](25000/45383), loss: 1.9345, logits_loss: 1.9305, aux_loss: 0.0040, lr: 0.00000104, epoch_time: 88.0min
Epoch:[2/2](25200/45383), loss: 1.9316, logits_loss: 1.9276, aux_loss: 0.0040, lr: 0.00000103, epoch_time: 87.0min
Epoch:[2/2](25400/45383), loss: 2.0153, logits_loss: 2.0113, aux_loss: 0.0040, lr: 0.00000102, epoch_time: 86.0min
Epoch:[2/2](25600/45383), loss: 1.8615, logits_loss: 1.8575, aux_loss: 0.0040, lr: 0.00000101, epoch_time: 86.0min
Epoch:[2/2](25800/45383), loss: 1.8543, logits_loss: 1.8503, aux_loss: 0.0040, lr: 0.00000100, epoch_time: 85.0min
Epoch:[2/2](26000/45383), loss: 1.9458, logits_loss: 1.9418, aux_loss: 0.0040, lr: 0.00000099, epoch_time: 84.0min
Epoch:[2/2](26200/45383), loss: 1.8241, logits_loss: 1.8201, aux_loss: 0.0040, lr: 0.00000098, epoch_time: 83.0min
Epoch:[2/2](26400/45383), loss: 1.8758, logits_loss: 1.8718, aux_loss: 0.0040, lr: 0.00000097, epoch_time: 82.0min
Epoch:[2/2](26600/45383), loss: 1.7259, logits_loss: 1.7219, aux_loss: 0.0040, lr: 0.00000096, epoch_time: 81.0min
Epoch:[2/2](26800/45383), loss: 1.9989, logits_loss: 1.9949, aux_loss: 0.0040, lr: 0.00000095, epoch_time: 80.0min
Epoch:[2/2](27000/45383), loss: 1.7750, logits_loss: 1.7709, aux_loss: 0.0040, lr: 0.00000094, epoch_time: 79.0min
Epoch:[2/2](27200/45383), loss: 1.9594, logits_loss: 1.9554, aux_loss: 0.0040, lr: 0.00000093, epoch_time: 79.0min
Epoch:[2/2](27400/45383), loss: 1.9328, logits_loss: 1.9288, aux_loss: 0.0040, lr: 0.00000092, epoch_time: 78.0min
Epoch:[2/2](27600/45383), loss: 1.8676, logits_loss: 1.8636, aux_loss: 0.0040, lr: 0.00000091, epoch_time: 77.0min
Epoch:[2/2](27800/45383), loss: 1.8416, logits_loss: 1.8376, aux_loss: 0.0040, lr: 0.00000090, epoch_time: 76.0min
Epoch:[2/2](28000/45383), loss: 1.9853, logits_loss: 1.9813, aux_loss: 0.0040, lr: 0.00000090, epoch_time: 75.0min
Epoch:[2/2](28200/45383), loss: 1.8290, logits_loss: 1.8250, aux_loss: 0.0040, lr: 0.00000089, epoch_time: 74.0min
Epoch:[2/2](28400/45383), loss: 1.9068, logits_loss: 1.9028, aux_loss: 0.0040, lr: 0.00000088, epoch_time: 73.0min
Epoch:[2/2](28600/45383), loss: 1.8451, logits_loss: 1.8411, aux_loss: 0.0040, lr: 0.00000087, epoch_time: 73.0min
Epoch:[2/2](28800/45383), loss: 1.9403, logits_loss: 1.9363, aux_loss: 0.0040, lr: 0.00000086, epoch_time: 72.0min
Epoch:[2/2](29000/45383), loss: 1.9447, logits_loss: 1.9407, aux_loss: 0.0040, lr: 0.00000085, epoch_time: 71.0min
Epoch:[2/2](29200/45383), loss: 1.8682, logits_loss: 1.8642, aux_loss: 0.0040, lr: 0.00000084, epoch_time: 70.0min
Epoch:[2/2](29400/45383), loss: 2.0007, logits_loss: 1.9967, aux_loss: 0.0040, lr: 0.00000084, epoch_time: 69.0min
Epoch:[2/2](29600/45383), loss: 1.8889, logits_loss: 1.8849, aux_loss: 0.0040, lr: 0.00000083, epoch_time: 68.0min
Epoch:[2/2](29800/45383), loss: 1.9060, logits_loss: 1.9020, aux_loss: 0.0040, lr: 0.00000082, epoch_time: 67.0min
Epoch:[2/2](30000/45383), loss: 1.8869, logits_loss: 1.8829, aux_loss: 0.0040, lr: 0.00000081, epoch_time: 66.0min
Epoch:[2/2](30200/45383), loss: 1.8708, logits_loss: 1.8668, aux_loss: 0.0040, lr: 0.00000080, epoch_time: 66.0min
Epoch:[2/2](30400/45383), loss: 1.9547, logits_loss: 1.9507, aux_loss: 0.0040, lr: 0.00000080, epoch_time: 65.0min
Epoch:[2/2](30600/45383), loss: 1.9803, logits_loss: 1.9763, aux_loss: 0.0040, lr: 0.00000079, epoch_time: 64.0min
Epoch:[2/2](30800/45383), loss: 1.8391, logits_loss: 1.8351, aux_loss: 0.0040, lr: 0.00000078, epoch_time: 63.0min
Epoch:[2/2](31000/45383), loss: 1.8860, logits_loss: 1.8820, aux_loss: 0.0040, lr: 0.00000077, epoch_time: 62.0min
Epoch:[2/2](31200/45383), loss: 1.9467, logits_loss: 1.9427, aux_loss: 0.0040, lr: 0.00000077, epoch_time: 61.0min
Epoch:[2/2](31400/45383), loss: 1.8827, logits_loss: 1.8787, aux_loss: 0.0040, lr: 0.00000076, epoch_time: 60.0min
Epoch:[2/2](31600/45383), loss: 1.8329, logits_loss: 1.8289, aux_loss: 0.0040, lr: 0.00000075, epoch_time: 59.0min
Epoch:[2/2](31800/45383), loss: 1.9543, logits_loss: 1.9503, aux_loss: 0.0040, lr: 0.00000074, epoch_time: 59.0min
Epoch:[2/2](32000/45383), loss: 1.8988, logits_loss: 1.8948, aux_loss: 0.0040, lr: 0.00000074, epoch_time: 58.0min
Epoch:[2/2](32200/45383), loss: 1.8970, logits_loss: 1.8930, aux_loss: 0.0040, lr: 0.00000073, epoch_time: 57.0min
Epoch:[2/2](32400/45383), loss: 1.9165, logits_loss: 1.9125, aux_loss: 0.0040, lr: 0.00000072, epoch_time: 56.0min
Epoch:[2/2](32600/45383), loss: 1.9544, logits_loss: 1.9504, aux_loss: 0.0040, lr: 0.00000072, epoch_time: 55.0min
Epoch:[2/2](32800/45383), loss: 2.0635, logits_loss: 2.0595, aux_loss: 0.0040, lr: 0.00000071, epoch_time: 54.0min
Epoch:[2/2](33000/45383), loss: 1.9662, logits_loss: 1.9621, aux_loss: 0.0040, lr: 0.00000070, epoch_time: 53.0min
Epoch:[2/2](33200/45383), loss: 1.9523, logits_loss: 1.9483, aux_loss: 0.0040, lr: 0.00000070, epoch_time: 52.0min
Epoch:[2/2](33400/45383), loss: 1.9390, logits_loss: 1.9349, aux_loss: 0.0040, lr: 0.00000069, epoch_time: 52.0min
Epoch:[2/2](33600/45383), loss: 1.9610, logits_loss: 1.9570, aux_loss: 0.0040, lr: 0.00000068, epoch_time: 51.0min
Epoch:[2/2](33800/45383), loss: 1.8554, logits_loss: 1.8514, aux_loss: 0.0040, lr: 0.00000068, epoch_time: 50.0min
Epoch:[2/2](34000/45383), loss: 1.8371, logits_loss: 1.8331, aux_loss: 0.0040, lr: 0.00000067, epoch_time: 49.0min
Epoch:[2/2](34200/45383), loss: 1.9455, logits_loss: 1.9415, aux_loss: 0.0040, lr: 0.00000067, epoch_time: 48.0min
Epoch:[2/2](34400/45383), loss: 1.8870, logits_loss: 1.8830, aux_loss: 0.0040, lr: 0.00000066, epoch_time: 47.0min
Epoch:[2/2](34600/45383), loss: 1.9412, logits_loss: 1.9372, aux_loss: 0.0040, lr: 0.00000065, epoch_time: 46.0min
Epoch:[2/2](34800/45383), loss: 1.9369, logits_loss: 1.9329, aux_loss: 0.0040, lr: 0.00000065, epoch_time: 46.0min
Epoch:[2/2](35000/45383), loss: 2.0217, logits_loss: 2.0177, aux_loss: 0.0040, lr: 0.00000064, epoch_time: 45.0min
Epoch:[2/2](35200/45383), loss: 1.8523, logits_loss: 1.8483, aux_loss: 0.0040, lr: 0.00000064, epoch_time: 44.0min
Epoch:[2/2](35400/45383), loss: 1.9701, logits_loss: 1.9661, aux_loss: 0.0040, lr: 0.00000063, epoch_time: 43.0min
Epoch:[2/2](35600/45383), loss: 1.9397, logits_loss: 1.9357, aux_loss: 0.0040, lr: 0.00000063, epoch_time: 42.0min
Epoch:[2/2](35800/45383), loss: 1.8882, logits_loss: 1.8842, aux_loss: 0.0040, lr: 0.00000062, epoch_time: 41.0min
Epoch:[2/2](36000/45383), loss: 1.8302, logits_loss: 1.8262, aux_loss: 0.0040, lr: 0.00000062, epoch_time: 40.0min
Epoch:[2/2](36200/45383), loss: 1.8858, logits_loss: 1.8818, aux_loss: 0.0040, lr: 0.00000061, epoch_time: 39.0min
Epoch:[2/2](36400/45383), loss: 1.9133, logits_loss: 1.9093, aux_loss: 0.0040, lr: 0.00000061, epoch_time: 39.0min
Epoch:[2/2](36600/45383), loss: 2.0070, logits_loss: 2.0030, aux_loss: 0.0040, lr: 0.00000060, epoch_time: 38.0min
Epoch:[2/2](36800/45383), loss: 1.9636, logits_loss: 1.9596, aux_loss: 0.0040, lr: 0.00000060, epoch_time: 37.0min
Epoch:[2/2](37000/45383), loss: 1.8021, logits_loss: 1.7981, aux_loss: 0.0040, lr: 0.00000059, epoch_time: 36.0min
Epoch:[2/2](37200/45383), loss: 1.8816, logits_loss: 1.8776, aux_loss: 0.0040, lr: 0.00000059, epoch_time: 35.0min
Epoch:[2/2](37400/45383), loss: 1.8962, logits_loss: 1.8922, aux_loss: 0.0040, lr: 0.00000059, epoch_time: 34.0min
Epoch:[2/2](37600/45383), loss: 1.9504, logits_loss: 1.9464, aux_loss: 0.0040, lr: 0.00000058, epoch_time: 33.0min
Epoch:[2/2](37800/45383), loss: 1.9145, logits_loss: 1.9105, aux_loss: 0.0040, lr: 0.00000058, epoch_time: 32.0min
Epoch:[2/2](38000/45383), loss: 2.0406, logits_loss: 2.0366, aux_loss: 0.0040, lr: 0.00000057, epoch_time: 32.0min
Epoch:[2/2](38200/45383), loss: 1.8555, logits_loss: 1.8515, aux_loss: 0.0040, lr: 0.00000057, epoch_time: 31.0min
Epoch:[2/2](38400/45383), loss: 1.8724, logits_loss: 1.8684, aux_loss: 0.0040, lr: 0.00000057, epoch_time: 30.0min
Epoch:[2/2](38600/45383), loss: 1.9060, logits_loss: 1.9020, aux_loss: 0.0040, lr: 0.00000056, epoch_time: 29.0min
Epoch:[2/2](38800/45383), loss: 1.9649, logits_loss: 1.9609, aux_loss: 0.0040, lr: 0.00000056, epoch_time: 28.0min
Epoch:[2/2](39000/45383), loss: 1.7965, logits_loss: 1.7925, aux_loss: 0.0040, lr: 0.00000055, epoch_time: 27.0min
Epoch:[2/2](39200/45383), loss: 1.8371, logits_loss: 1.8331, aux_loss: 0.0040, lr: 0.00000055, epoch_time: 26.0min
Epoch:[2/2](39400/45383), loss: 1.8801, logits_loss: 1.8761, aux_loss: 0.0040, lr: 0.00000055, epoch_time: 26.0min
Epoch:[2/2](39600/45383), loss: 1.9157, logits_loss: 1.9117, aux_loss: 0.0040, lr: 0.00000054, epoch_time: 25.0min
Epoch:[2/2](39800/45383), loss: 1.8538, logits_loss: 1.8498, aux_loss: 0.0040, lr: 0.00000054, epoch_time: 24.0min
Epoch:[2/2](40000/45383), loss: 1.8693, logits_loss: 1.8653, aux_loss: 0.0040, lr: 0.00000054, epoch_time: 23.0min
Epoch:[2/2](40200/45383), loss: 1.8948, logits_loss: 1.8908, aux_loss: 0.0040, lr: 0.00000054, epoch_time: 22.0min
Epoch:[2/2](40400/45383), loss: 1.9803, logits_loss: 1.9763, aux_loss: 0.0040, lr: 0.00000053, epoch_time: 21.0min
Epoch:[2/2](40600/45383), loss: 2.0146, logits_loss: 2.0106, aux_loss: 0.0040, lr: 0.00000053, epoch_time: 20.0min
Epoch:[2/2](40800/45383), loss: 1.8869, logits_loss: 1.8829, aux_loss: 0.0040, lr: 0.00000053, epoch_time: 19.0min
Epoch:[2/2](41000/45383), loss: 1.8529, logits_loss: 1.8489, aux_loss: 0.0040, lr: 0.00000053, epoch_time: 19.0min
Epoch:[2/2](41200/45383), loss: 1.9340, logits_loss: 1.9300, aux_loss: 0.0040, lr: 0.00000052, epoch_time: 18.0min
Epoch:[2/2](41400/45383), loss: 1.9216, logits_loss: 1.9176, aux_loss: 0.0040, lr: 0.00000052, epoch_time: 17.0min
Epoch:[2/2](41600/45383), loss: 1.9096, logits_loss: 1.9056, aux_loss: 0.0040, lr: 0.00000052, epoch_time: 16.0min
Epoch:[2/2](41800/45383), loss: 1.8588, logits_loss: 1.8548, aux_loss: 0.0040, lr: 0.00000052, epoch_time: 15.0min
Epoch:[2/2](42000/45383), loss: 1.9266, logits_loss: 1.9226, aux_loss: 0.0040, lr: 0.00000052, epoch_time: 14.0min
Epoch:[2/2](42200/45383), loss: 2.0381, logits_loss: 2.0341, aux_loss: 0.0040, lr: 0.00000051, epoch_time: 13.0min
Epoch:[2/2](42400/45383), loss: 1.8282, logits_loss: 1.8242, aux_loss: 0.0040, lr: 0.00000051, epoch_time: 12.0min
Epoch:[2/2](42600/45383), loss: 1.7161, logits_loss: 1.7121, aux_loss: 0.0040, lr: 0.00000051, epoch_time: 12.0min
Epoch:[2/2](42800/45383), loss: 1.8862, logits_loss: 1.8822, aux_loss: 0.0040, lr: 0.00000051, epoch_time: 11.0min
Epoch:[2/2](43000/45383), loss: 1.8945, logits_loss: 1.8905, aux_loss: 0.0040, lr: 0.00000051, epoch_time: 10.0min
Epoch:[2/2](43200/45383), loss: 1.8264, logits_loss: 1.8224, aux_loss: 0.0040, lr: 0.00000051, epoch_time: 9.0min
Epoch:[2/2](43400/45383), loss: 1.8615, logits_loss: 1.8575, aux_loss: 0.0040, lr: 0.00000051, epoch_time: 8.0min
Epoch:[2/2](43600/45383), loss: 1.8524, logits_loss: 1.8484, aux_loss: 0.0040, lr: 0.00000050, epoch_time: 7.0min
Epoch:[2/2](43800/45383), loss: 1.8829, logits_loss: 1.8789, aux_loss: 0.0040, lr: 0.00000050, epoch_time: 6.0min
Epoch:[2/2](44000/45383), loss: 1.9513, logits_loss: 1.9473, aux_loss: 0.0040, lr: 0.00000050, epoch_time: 6.0min
Epoch:[2/2](44200/45383), loss: 1.8396, logits_loss: 1.8356, aux_loss: 0.0040, lr: 0.00000050, epoch_time: 5.0min
Epoch:[2/2](44400/45383), loss: 1.9650, logits_loss: 1.9610, aux_loss: 0.0040, lr: 0.00000050, epoch_time: 4.0min
Epoch:[2/2](44600/45383), loss: 2.0093, logits_loss: 2.0053, aux_loss: 0.0040, lr: 0.00000050, epoch_time: 3.0min
Epoch:[2/2](44800/45383), loss: 1.8066, logits_loss: 1.8026, aux_loss: 0.0040, lr: 0.00000050, epoch_time: 2.0min
